2026-10-05T09:49:11.9243647Z     __ __          __      __    _ __     
2026-10-05T09:49:11.9245118Z    / //_/_  _ ____/ /_  __/ /   (_) /____ 
2026-10-05T09:49:11.9245181Z   / ,< / / / / __  / / / / /   / / __/ _  
2026-10-05T09:49:11.9245208Z  / /| / /_/ / /_/ / /_/ / /___/ / /_/  __/
2026-10-05T09:49:11.9245235Z /_/ |_\__,_/\__,_/\__,_/_____/_/\__/\___/ 
2026-10-05T09:49:11.9245265Z 
2026-10-05T09:49:11.9245298Z                                           
2026-10-05T09:49:11.9245375Z DEBUG CONSOLE | AZURE APP SERVICE ON LINUX
2026-10-05T09:49:11.9245399Z 
2026-10-05T09:49:11.9245429Z Documentation: http://aka.ms/webapp-linux
2026-10-05T09:49:11.9245458Z Kudu Version : 20260907.9
2026-10-05T09:49:11.9245486Z Commit       : cdd94bfa8f40346287484925a7ba0fc262fd03f7
2026-10-05T09:49:11.9245512Z Instance Name: 10-30-0-184
2026-10-05T09:49:11.9245545Z Instance Id  : 06af00b7405ce01e92112d9236f57c70d8ff738bceef74cd316ed243ba044a77
2026-10-05T09:49:11.9245573Z 
2026-10-05T09:49:12.9479200Z chown: changing ownership of '/temp': Operation not permitted
2026-10-05T09:49:12.9526366Z chmod: changing permissions of '/temp': Operation not permitted
2026-10-05T09:49:14.9788641Z Restarting OpenBSD Secure Shell server: sshd.
2026-10-05T09:49:15.0486281Z node not running, starting node /opt/webssh/index.js
2026-10-05T09:49:18.2958697Z Mon Oct 5 09:49:18 UTC 2026 running .net core
2026-10-05T09:49:19.0736560Z Startup : 09.49.19.050804
2026-10-05T09:49:19.1049949Z Configure Services : 09.49.19.104775
2026-10-05T09:49:19.6834275Z Configure : 09.49.19.683200
2026-10-05T09:49:20.2357077Z Setting Up Routes : 09.49.20.235512
2026-10-05T09:49:20.2486211Z Exiting Configure : 09.49.20.248256
2026-10-05T09:49:20.3427153Z Hosting environment: Production
2026-10-05T09:49:20.3435349Z Content root path: /opt/Kudu
2026-10-05T09:49:20.3435453Z Now listening on: http://0.0.0.0:8181
2026-10-05T09:49:20.3435496Z Application started. Press Ctrl+C to shut down.
